*tabs.coffee:26
	alert "I knew it!"
	^

ReferenceError: alert is not defined
    at *tabs.coffee:26:2*
    at *tabs.coffee:1:14*

Node.js *
