reachable
Error: an exception
    at *typescript-throw.ts:18:11*
    at *typescript-throw.ts:24:1*
