Error: an exception.
    at *typescript-sourcemapping_url_string.ts:3:7*
    at Module._compile (node:internal/modules/cjs/loader:*)
