
*test*message*throw_undefined_traced.js:*
throw undefined;
^
undefined
Thrown at:
    at *throw_undefined_traced.js:*:*
    at Module._compile (node:internal/modules/cjs/loader:*:*)
    at Module._extensions..js (node:internal/modules/cjs/loader:*:*)
    at Module.load (node:internal/modules/cjs/loader:*:*)
    at Module._load (node:internal/modules/cjs/loader:*:*)
    at executeUserEntryPoint (node:internal/modules/run_main:*:*)
    at node:internal/main/run_main_module:*:*
